<html>
<body>
<pre>
<h1>µVision Build Log</h1>
<h2>Tool Versions:</h2>
IDE-Version: £gVision V5.33.0.0
Copyright (C) 2020 ARM Ltd and ARM Germany GmbH. All rights reserved.
License Information: 123 123, 123, LIC=----
 
Tool Versions:
Toolchain:       MDK-Lite  Version: 5.33.0.0
Toolchain Path:  C:\Keil_v5\ARM\ARMCC\Bin
C Compiler:      Armcc.exe V5.06 update 7 (build 960)
Assembler:       Armasm.exe V5.06 update 7 (build 960)
Linker/Locator:  ArmLink.exe V5.06 update 7 (build 960)
Library Manager: ArmAr.exe V5.06 update 7 (build 960)
Hex Converter:   FromElf.exe V5.06 update 7 (build 960)
CPU DLL:         SARMCM3.DLL V5.33.0.0
Dialog DLL:      DCM.DLL V1.17.3.0
Target DLL:      Segger\JL2CM3.dll V2.99.38.0
Dialog DLL:      TCM.DLL V1.48.0.0
 
<h2>Project:</h2>
D:\STM32\F429WS2812-F103C8_WS2812_TEST\MDK-ARM\103c8_ws2812_test1.uvprojx
Project File Date:  02/24/2021

<h2>Output:</h2>
*** Using Compiler 'V5.06 update 7 (build 960)', folder: 'C:\Keil_v5\ARM\ARMCC\Bin'
Rebuild target '103c8_ws2812_test1'
assembling startup_stm32f103xb.s...
compiling stm32f1xx_hal_msp.c...
compiling main.c...
compiling stm32f1xx_hal_gpio_ex.c...
compiling tim.c...
compiling gpio.c...
compiling stm32f1xx_it.c...
compiling dma.c...
compiling stm32f1xx_hal_tim.c...
compiling stm32f1xx_hal_rcc_ex.c...
compiling stm32f1xx_hal.c...
compiling stm32f1xx_hal_cortex.c...
compiling stm32f1xx_hal_gpio.c...
compiling stm32f1xx_hal_dma.c...
compiling stm32f1xx_hal_tim_ex.c...
compiling stm32f1xx_hal_rcc.c...
compiling stm32f1xx_hal_pwr.c...
compiling stm32f1xx_hal_flash.c...
compiling stm32f1xx_hal_flash_ex.c...
compiling system_stm32f1xx.c...
compiling stm32f1xx_hal_exti.c...
compiling Adafruit_NeoPixel.c...
compiling sys.c...
compiling ws2812b.c...
..\WS2812\ws2812b.c(350): warning:  #177-D: variable "numr"  was declared but never referenced
      static uint8_t numr = 0;
..\WS2812\ws2812b.c(614): warning:  #177-D: variable "led_mab"  was declared but never referenced
      int8_t led_mab[20];
..\WS2812\ws2812b.c(615): warning:  #177-D: variable "i"  was declared but never referenced
      uint8_t i,borrow;
..\WS2812\ws2812b.c(671): warning:  #177-D: variable "TestMode"  was declared but never referenced
      const uint8_t TestMode = 0xf0;
..\WS2812\ws2812b.c(774): warning:  #177-D: variable "cnt"  was declared but never referenced
      uint8_t cnt = 0;
..\WS2812\ws2812b.c: 5 warnings, 0 errors
compiling delay.c...
linking...
Program Size: Code=10580 RO-data=572 RW-data=112 ZI-data=1416  
FromELF: creating hex file...
"103c8_ws2812_test1\103c8_ws2812_test1.axf" - 0 Error(s), 5 Warning(s).

<h2>Software Packages used:</h2>

Package Vendor: ARM
                http://www.keil.com/pack/ARM.CMSIS.5.7.0.pack
                ARM.CMSIS.5.7.0
                CMSIS (Cortex Microcontroller Software Interface Standard)
   * Component: CORE Version: 5.4.0

Package Vendor: Keil
                http://www.keil.com/pack/Keil.STM32F1xx_DFP.2.3.0.pack
                Keil.STM32F1xx_DFP.2.3.0
                STMicroelectronics STM32F1 Series Device Support, Drivers and Examples

<h2>Collection of Component include folders:</h2>
  .\RTE\_103c8_ws2812_test1
  C:\Users\kubot\AppData\Local\Arm\Packs\ARM\CMSIS\5.7.0\CMSIS\Core\Include
  C:\Users\kubot\AppData\Local\Arm\Packs\Keil\STM32F1xx_DFP\2.3.0\Device\Include

<h2>Collection of Component Files used:</h2>

   * Component: ARM::CMSIS:CORE:5.4.0
      Include file:  CMSIS\Core\Include\tz_context.h
Build Time Elapsed:  00:00:15
</pre>
</body>
</html>
