<html>
<body>
<pre>
<h1>µVision Build Log</h1>
<h2>Tool Versions:</h2>
IDE-Version: £gVision V5.33.0.0
Copyright (C) 2020 ARM Ltd and ARM Germany GmbH. All rights reserved.
License Information: 123 123, 123, LIC=----
 
Tool Versions:
Toolchain:       MDK-Lite  Version: 5.33.0.0
Toolchain Path:  C:\Keil_v5\ARM\ARMCC\Bin
C Compiler:      Armcc.exe V5.06 update 7 (build 960)
Assembler:       Armasm.exe V5.06 update 7 (build 960)
Linker/Locator:  ArmLink.exe V5.06 update 7 (build 960)
Library Manager: ArmAr.exe V5.06 update 7 (build 960)
Hex Converter:   FromElf.exe V5.06 update 7 (build 960)
CPU DLL:         SARMCM3.DLL V5.33.0.0
Dialog DLL:      DCM.DLL V1.17.3.0
Target DLL:      STLink\ST-LINKIII-KEIL_SWO.dll V3.0.8.0
Dialog DLL:      TCM.DLL V1.48.0.0
 
<h2>Project:</h2>
D:\STM32\f429pwm\MDK-ARM\f429pwm.uvprojx
Project File Date:  02/24/2021

<h2>Output:</h2>
*** Using Compiler 'V5.06 update 7 (build 960)', folder: 'C:\Keil_v5\ARM\ARMCC\Bin'
Rebuild target 'f429pwm'
assembling startup_stm32f429xx.s...
compiling stm32f4xx_it.c...
compiling dma.c...
compiling gpio.c...
compiling main.c...
compiling ws2812b.c...
..\Core\Src\ws2812b.c(350): warning:  #177-D: variable "numr"  was declared but never referenced
      static uint8_t numr = 0;
..\Core\Src\ws2812b.c(613): warning:  #177-D: variable "led_tab"  was declared but never referenced
      static uint32_t led_tab[PIXEL_MAX] = {0x00ff00,0x5F0000,0x3F0000,0x2F0000,0x1F0000,0x0F0000,0x080000,0x010000};	//,0x010000
..\Core\Src\ws2812b.c(614): warning:  #177-D: variable "led_mab"  was declared but never referenced
      int8_t led_mab[20];
..\Core\Src\ws2812b.c(615): warning:  #177-D: variable "i"  was declared but never referenced
      uint8_t i,borrow;
..\Core\Src\ws2812b.c(671): warning:  #177-D: variable "TestMode"  was declared but never referenced
      const uint8_t TestMode = 0xf0;
..\Core\Src\ws2812b.c(774): warning:  #177-D: variable "cnt"  was declared but never referenced
      uint8_t cnt = 0;
..\Core\Src\ws2812b.c: 6 warnings, 0 errors
compiling tim.c...
compiling Adafruit_NeoPixel.c...
compiling delay.c...
compiling stm32f4xx_hal_msp.c...
compiling stm32f4xx_hal_tim.c...
compiling stm32f4xx_hal_tim_ex.c...
compiling stm32f4xx_hal_flash_ramfunc.c...
compiling stm32f4xx_hal_rcc_ex.c...
compiling stm32f4xx_hal_rcc.c...
compiling stm32f4xx_hal_flash.c...
compiling stm32f4xx_hal_flash_ex.c...
compiling stm32f4xx_hal_gpio.c...
compiling stm32f4xx_hal_dma.c...
compiling stm32f4xx_hal_pwr.c...
compiling stm32f4xx_hal_cortex.c...
compiling stm32f4xx_hal_dma_ex.c...
compiling stm32f4xx_hal_exti.c...
compiling stm32f4xx_hal_pwr_ex.c...
compiling stm32f4xx_hal.c...
compiling system_stm32f4xx.c...
linking...
Program Size: Code=11188 RO-data=772 RW-data=96 ZI-data=1912  
FromELF: creating hex file...
"f429pwm\f429pwm.axf" - 0 Error(s), 6 Warning(s).

<h2>Software Packages used:</h2>

Package Vendor: ARM
                http://www.keil.com/pack/ARM.CMSIS.5.7.0.pack
                ARM.CMSIS.5.7.0
                CMSIS (Cortex Microcontroller Software Interface Standard)
   * Component: CORE Version: 5.4.0

Package Vendor: Keil
                http://www.keil.com/pack/Keil.STM32F4xx_DFP.2.15.0.pack
                Keil.STM32F4xx_DFP.2.15.0
                STMicroelectronics STM32F4 Series Device Support, Drivers and Examples

<h2>Collection of Component include folders:</h2>
  .\RTE\_f429pwm
  C:\Users\kubot\AppData\Local\Arm\Packs\ARM\CMSIS\5.7.0\CMSIS\Core\Include
  C:\Users\kubot\AppData\Local\Arm\Packs\Keil\STM32F4xx_DFP\2.15.0\Drivers\CMSIS\Device\ST\STM32F4xx\Include

<h2>Collection of Component Files used:</h2>

   * Component: ARM::CMSIS:CORE:5.4.0
      Include file:  CMSIS\Core\Include\tz_context.h
Build Time Elapsed:  00:00:52
</pre>
</body>
</html>
